[15:58:22] [INIT] KubeJS 2101.7.2-build.377; MC 2101 NeoForge
[15:58:22] [INIT] Loaded plugins:
[15:58:22] [INIT] - dev.latvian.mods.kubejs.plugin.builtin.BuiltinKubeJSPlugin
[15:58:22] [INIT] - dev.latvian.mods.kubejs.plugin.builtin.BuiltinKubeJSClientPlugin
[15:58:22] [INIT] - dev.latvian.mods.kubejs.integration.architectury.ArchitecturyIntegration
[15:58:22] [INIT] - io.github.mortuusars.exposure.neoforge.integration.kubejs.ExposureKubeJSPlugin
[15:58:22] [INIT] - com.lowdragmc.lowdraglib2.integration.kjs.LDLibKubeJSPlugin
[15:58:22] [INIT] - com.github.tartaricacid.touhoulittlemaid.compat.kubejs.ModKubeJSPlugin
[15:58:22] [INIT] - com.almostreliable.lootjs.kube.LootJSPlugin
[15:58:22] [INIT] - com.viscriptshop.compat.ViScriptShopJSPlugin
[15:58:22] [INIT] - moe.wolfgirl.probejs.plugin.ProbeJSKJSPlugin
[15:58:22] [INIT] - com.altnoir.poopsky.compat.kubejs.PoKubeJSPlugin
[15:58:22] [INIT] - dev.ftb.mods.ftbxmodcompat.neoforge.ftbquests.kubejs.FTBQuestsKubeJSPlugin
[15:58:22] [INIT] - dev.ftb.mods.ftbxmodcompat.neoforge.ftbteams.kubejs.FTBTeamsKubeJSPlugin
[15:58:22] [INIT] - com.oierbravo.mechanicals.compat.kubejs.MechanicalsJsPlugin
[15:58:22] [INIT] - dev.aika.taczjs.neoforge.TaCZJSPlugin
[15:58:22] [INIT] - dev.latvian.mods.kubejs.mekanism.MekanismKubeJSPlugin
[15:58:22] [INIT] - com.tacz.guns.compat.kubejs.TimelessKubeJSPlugin
[15:58:22] [INIT] - com.glodblock.github.extendedae.xmod.kjs.KJSPlugin
[15:58:22] [INIT] - dev.latvian.mods.kubejs.create.KubeJSCreatePlugin
[15:58:22] [INIT] - studio.fantasyit.maid_storage_manager.integration.kubejs.KJSPlugin
[15:58:22] [INIT] - com.oierbravo.create_mechanical_spawner.compat.kubejs.KubeJSCreateMechanicalSpawnerPlugin
[15:58:22] [INIT] - com.github.ysbbbbbb.kaleidoscopecookery.compat.kubejs.ModKubeJSPlugin
[15:58:22] [INFO] Loaded script server_scripts:create_machine.js in 0.003 s
[15:58:22] [INFO] Loaded script server_scripts:main.js in 0.0 s
[15:58:22] [INFO] Loaded script server_scripts:poopsky.js in 0.0 s
[15:58:22] [INFO] Loaded script server_scripts:recipe.js in 0.001 s
[15:58:22] [INFO] Loaded script server_scripts:tacz.js in 0.0 s
[15:58:22] [INFO] Loaded script server_scripts:tags.js in 0.0 s
[15:58:22] [INFO] Loaded script server_scripts:teleport.js in 0.001 s
[15:58:22] [INFO] Loaded 7/7 KubeJS server scripts in 0.028 s with 0 errors and 0 warnings
[15:58:22] [WARN] Due to the way Minecraft resource loading works, KubeJS' server.log may not contain everything that happened in your server scripts on initial world creation.
[15:58:22] [WARN] You can still see the full log (including past reloads) in your latest.log file.
[15:58:26] [INFO] Server resource reload complete!
