[15:56:29] [INIT] KubeJS 2101.7.2-build.377; MC 2101 NeoForge
[15:56:29] [INIT] Loaded plugins:
[15:56:29] [INIT] - dev.latvian.mods.kubejs.plugin.builtin.BuiltinKubeJSPlugin
[15:56:29] [INIT] - dev.latvian.mods.kubejs.plugin.builtin.BuiltinKubeJSClientPlugin
[15:56:29] [INIT] - dev.latvian.mods.kubejs.integration.architectury.ArchitecturyIntegration
[15:56:29] [INIT] - io.github.mortuusars.exposure.neoforge.integration.kubejs.ExposureKubeJSPlugin
[15:56:29] [INIT] - com.lowdragmc.lowdraglib2.integration.kjs.LDLibKubeJSPlugin
[15:56:29] [INIT] - com.github.tartaricacid.touhoulittlemaid.compat.kubejs.ModKubeJSPlugin
[15:56:29] [INIT] - com.almostreliable.lootjs.kube.LootJSPlugin
[15:56:29] [INIT] - com.viscriptshop.compat.ViScriptShopJSPlugin
[15:56:29] [INIT] - moe.wolfgirl.probejs.plugin.ProbeJSKJSPlugin
[15:56:29] [INIT] - com.altnoir.poopsky.compat.kubejs.PoKubeJSPlugin
[15:56:29] [INIT] - dev.ftb.mods.ftbxmodcompat.neoforge.ftbquests.kubejs.FTBQuestsKubeJSPlugin
[15:56:29] [INIT] - dev.ftb.mods.ftbxmodcompat.neoforge.ftbteams.kubejs.FTBTeamsKubeJSPlugin
[15:56:29] [INIT] - com.oierbravo.mechanicals.compat.kubejs.MechanicalsJsPlugin
[15:56:29] [INIT] - dev.aika.taczjs.neoforge.TaCZJSPlugin
[15:56:29] [INIT] - dev.latvian.mods.kubejs.mekanism.MekanismKubeJSPlugin
[15:56:29] [INIT] - com.tacz.guns.compat.kubejs.TimelessKubeJSPlugin
[15:56:29] [INIT] - com.glodblock.github.extendedae.xmod.kjs.KJSPlugin
[15:56:29] [INIT] - dev.latvian.mods.kubejs.create.KubeJSCreatePlugin
[15:56:29] [INIT] - studio.fantasyit.maid_storage_manager.integration.kubejs.KJSPlugin
[15:56:29] [INIT] - com.oierbravo.create_mechanical_spawner.compat.kubejs.KubeJSCreateMechanicalSpawnerPlugin
[15:56:29] [INIT] - com.github.ysbbbbbb.kaleidoscopecookery.compat.kubejs.ModKubeJSPlugin
[15:56:31] [INFO] Loaded script startup_scripts:main.js in 0.086 s
[15:56:31] [INFO] Loaded 1/1 KubeJS startup scripts in 2.077 s with 0 errors and 0 warnings
[15:56:31] [INFO] Validated 62 files in kubejs/assets/ in 16ms
[15:56:31] [INFO] Validated 1 files in kubejs/data/ in 1ms
